Archive member included to satisfy reference by file (symbol)

C:/ST/STM32CubeIDE_1.13.2/STM32CubeIDE/plugins/com.st.stm32cube.ide.mcu.externaltools.gnu-tools-for-stm32.11.3.rel1.win32_1.1.1.202309131626/tools/bin/../lib/gcc/arm-none-eabi/11.3.1/../../../../arm-none-eabi/lib/thumb/v7e-m+fp/hard\libc.a(libc_a-exit.o)
                              C:/ST/STM32CubeIDE_1.13.2/STM32CubeIDE/plugins/com.st.stm32cube.ide.mcu.externaltools.gnu-tools-for-stm32.11.3.rel1.win32_1.1.1.202309131626/tools/bin/../lib/gcc/arm-none-eabi/11.3.1/../../../../arm-none-eabi/lib/thumb/v7e-m+fp/hard/crt0.o (exit)
C:/ST/STM32CubeIDE_1.13.2/STM32CubeIDE/plugins/com.st.stm32cube.ide.mcu.externaltools.gnu-tools-for-stm32.11.3.rel1.win32_1.1.1.202309131626/tools/bin/../lib/gcc/arm-none-eabi/11.3.1/../../../../arm-none-eabi/lib/thumb/v7e-m+fp/hard\libc.a(libc_a-findfp.o)
                              C:/ST/STM32CubeIDE_1.13.2/STM32CubeIDE/plugins/com.st.stm32cube.ide.mcu.externaltools.gnu-tools-for-stm32.11.3.rel1.win32_1.1.1.202309131626/tools/bin/../lib/gcc/arm-none-eabi/11.3.1/../../../../arm-none-eabi/lib/thumb/v7e-m+fp/hard\libc.a(libc_a-exit.o) (__stdio_exit_handler)
C:/ST/STM32CubeIDE_1.13.2/STM32CubeIDE/plugins/com.st.stm32cube.ide.mcu.externaltools.gnu-tools-for-stm32.11.3.rel1.win32_1.1.1.202309131626/tools/bin/../lib/gcc/arm-none-eabi/11.3.1/../../../../arm-none-eabi/lib/thumb/v7e-m+fp/hard\libc.a(libc_a-fwalk.o)
                              C:/ST/STM32CubeIDE_1.13.2/STM32CubeIDE/plugins/com.st.stm32cube.ide.mcu.externaltools.gnu-tools-for-stm32.11.3.rel1.win32_1.1.1.202309131626/tools/bin/../lib/gcc/arm-none-eabi/11.3.1/../../../../arm-none-eabi/lib/thumb/v7e-m+fp/hard\libc.a(libc_a-findfp.o) (_fwalk_sglue)
C:/ST/STM32CubeIDE_1.13.2/STM32CubeIDE/plugins/com.st.stm32cube.ide.mcu.externaltools.gnu-tools-for-stm32.11.3.rel1.win32_1.1.1.202309131626/tools/bin/../lib/gcc/arm-none-eabi/11.3.1/../../../../arm-none-eabi/lib/thumb/v7e-m+fp/hard\libc.a(libc_a-stdio.o)
                              C:/ST/STM32CubeIDE_1.13.2/STM32CubeIDE/plugins/com.st.stm32cube.ide.mcu.externaltools.gnu-tools-for-stm32.11.3.rel1.win32_1.1.1.202309131626/tools/bin/../lib/gcc/arm-none-eabi/11.3.1/../../../../arm-none-eabi/lib/thumb/v7e-m+fp/hard\libc.a(libc_a-findfp.o) (__sread)
C:/ST/STM32CubeIDE_1.13.2/STM32CubeIDE/plugins/com.st.stm32cube.ide.mcu.externaltools.gnu-tools-for-stm32.11.3.rel1.win32_1.1.1.202309131626/tools/bin/../lib/gcc/arm-none-eabi/11.3.1/../../../../arm-none-eabi/lib/thumb/v7e-m+fp/hard\libc.a(libc_a-memset.o)
                              C:/ST/STM32CubeIDE_1.13.2/STM32CubeIDE/plugins/com.st.stm32cube.ide.mcu.externaltools.gnu-tools-for-stm32.11.3.rel1.win32_1.1.1.202309131626/tools/bin/../lib/gcc/arm-none-eabi/11.3.1/../../../../arm-none-eabi/lib/thumb/v7e-m+fp/hard/crt0.o (memset)
C:/ST/STM32CubeIDE_1.13.2/STM32CubeIDE/plugins/com.st.stm32cube.ide.mcu.externaltools.gnu-tools-for-stm32.11.3.rel1.win32_1.1.1.202309131626/tools/bin/../lib/gcc/arm-none-eabi/11.3.1/../../../../arm-none-eabi/lib/thumb/v7e-m+fp/hard\libc.a(libc_a-closer.o)
                              C:/ST/STM32CubeIDE_1.13.2/STM32CubeIDE/plugins/com.st.stm32cube.ide.mcu.externaltools.gnu-tools-for-stm32.11.3.rel1.win32_1.1.1.202309131626/tools/bin/../lib/gcc/arm-none-eabi/11.3.1/../../../../arm-none-eabi/lib/thumb/v7e-m+fp/hard\libc.a(libc_a-stdio.o) (_close_r)
C:/ST/STM32CubeIDE_1.13.2/STM32CubeIDE/plugins/com.st.stm32cube.ide.mcu.externaltools.gnu-tools-for-stm32.11.3.rel1.win32_1.1.1.202309131626/tools/bin/../lib/gcc/arm-none-eabi/11.3.1/../../../../arm-none-eabi/lib/thumb/v7e-m+fp/hard\libc.a(libc_a-reent.o)
                              C:/ST/STM32CubeIDE_1.13.2/STM32CubeIDE/plugins/com.st.stm32cube.ide.mcu.externaltools.gnu-tools-for-stm32.11.3.rel1.win32_1.1.1.202309131626/tools/bin/../lib/gcc/arm-none-eabi/11.3.1/../../../../arm-none-eabi/lib/thumb/v7e-m+fp/hard\libc.a(libc_a-closer.o) (errno)
C:/ST/STM32CubeIDE_1.13.2/STM32CubeIDE/plugins/com.st.stm32cube.ide.mcu.externaltools.gnu-tools-for-stm32.11.3.rel1.win32_1.1.1.202309131626/tools/bin/../lib/gcc/arm-none-eabi/11.3.1/../../../../arm-none-eabi/lib/thumb/v7e-m+fp/hard\libc.a(libc_a-impure.o)
                              C:/ST/STM32CubeIDE_1.13.2/STM32CubeIDE/plugins/com.st.stm32cube.ide.mcu.externaltools.gnu-tools-for-stm32.11.3.rel1.win32_1.1.1.202309131626/tools/bin/../lib/gcc/arm-none-eabi/11.3.1/../../../../arm-none-eabi/lib/thumb/v7e-m+fp/hard\libc.a(libc_a-reent.o) (_impure_ptr)
C:/ST/STM32CubeIDE_1.13.2/STM32CubeIDE/plugins/com.st.stm32cube.ide.mcu.externaltools.gnu-tools-for-stm32.11.3.rel1.win32_1.1.1.202309131626/tools/bin/../lib/gcc/arm-none-eabi/11.3.1/../../../../arm-none-eabi/lib/thumb/v7e-m+fp/hard\libc.a(libc_a-lseekr.o)
[...]
Memory Configuration

Name             Origin             Length             Attributes
FLASH            0x0000000008000000 0x0000000000080000 xr
RAM              0x0000000020000000 0x0000000000020000 xrw
*default*        0x0000000000000000 0xffffffffffffffff

Linker script and memory map

LOAD C:/ST/STM32CubeIDE_1.13.2/STM32CubeIDE/plugins/com.st.stm32cube.ide.mcu.externaltools.gnu-tools-for-stm32.11.3.rel1.win32_1.1.1.202309131626/tools/bin/../lib/gcc/arm-none-eabi/11.3.1/thumb/v7e-m+fp/hard/crti.o
LOAD C:/ST/STM32CubeIDE_1.13.2/STM32CubeIDE/plugins/com.st.stm32cube.ide.mcu.externaltools.gnu-tools-for-stm32.11.3.rel1.win32_1.1.1.202309131626/tools/bin/../lib/gcc/arm-none-eabi/11.3.1/thumb/v7e-m+fp/hard/crtbegin.o
LOAD C:/ST/STM32CubeIDE_1.13.2/STM32CubeIDE/plugins/com.st.stm32cube.ide.mcu.externaltools.gnu-tools-for-stm32.11.3.rel1.win32_1.1.1.202309131626/tools/bin/../lib/gcc/arm-none-eabi/11.3.1/../../../../arm-none-eabi/lib/thumb/v7e-m+fp/hard/crt0.o
LOAD startup/stm32f411_periph.o
LOAD startup/sys_handlers.o
LOAD startup/system_stm32f4xx.o
LOAD STM32F4xx_HAL_Driver/src/stm32f4xx_ll_rcc.o
LOAD STM32F4xx_HAL_Driver/src/stm32f4xx_hal_i2c.o
LOAD STM32F4xx_HAL_Driver/src/util.o
LOAD STM32F4xx_HAL_Driver/src/stm32f4xx_hal.o
LOAD STM32F4xx_HAL_Driver/src/stm32f4xx_hal_cortex.o
LOAD STM32F4xx_HAL_Driver/src/stm32f4xx_hal_uart.o
LOAD STM32F4xx_HAL_Driver/src/stm32f4xx_hal_gpio.o
LOAD STM32F4xx_HAL_Driver/src/stm32f4xx_hal_tim.o
LOAD STM32F4xx_HAL_Driver/src/stm32f4xx_hal_spi.o
LOAD mbed_shield/src/leds.o
LOAD mbed_shield/src/sw.o
LOAD mbed_shield/src/lm75.o
LOAD mbed_shield/src/lcd_128x32.o
LOAD src/stm32f4xx_hal_msp.o
LOAD src/stm32f4xx_it.o
LOAD src/main.o
LOAD startup/startup_stm32f411xe.o
LOAD C:/ST/STM32CubeIDE_1.13.2/STM32CubeIDE/plugins/com.st.stm32cube.ide.mcu.externaltools.gnu-tools-for-stm32.11.3.rel1.win32_1.1.1.202309131626/tools/bin/../lib/gcc/arm-none-eabi/11.3.1/../../../../arm-none-eabi/lib/thumb/v7e-m+fp/hard\libc.a
LOAD C:/ST/STM32CubeIDE_1.13.2/STM32CubeIDE/plugins/com.st.stm32cube.ide.mcu.externaltools.gnu-tools-for-stm32.11.3.rel1.win32_1.1.1.202309131626/tools/bin/../lib/gcc/arm-none-eabi/11.3.1/thumb/v7e-m+fp/hard\libgcc.a
LOAD C:/ST/STM32CubeIDE_1.13.2/STM32CubeIDE/plugins/com.st.stm32cube.ide.mcu.externaltools.gnu-tools-for-stm32.11.3.rel1.win32_1.1.1.202309131626/tools/bin/../lib/gcc/arm-none-eabi/11.3.1/thumb/v7e-m+fp/hard\libgcov.a
LOAD C:/ST/STM32CubeIDE_1.13.2/STM32CubeIDE/plugins/com.st.stm32cube.ide.mcu.externaltools.gnu-tools-for-stm32.11.3.rel1.win32_1.1.1.202309131626/tools/bin/../lib/gcc/arm-none-eabi/11.3.1/../../../../arm-none-eabi/lib/thumb/v7e-m+fp/hard\libm.a
START GROUP
LOAD C:/ST/STM32CubeIDE_1.13.2/STM32CubeIDE/plugins/com.st.stm32cube.ide.mcu.externaltools.gnu-tools-for-stm32.11.3.rel1.win32_1.1.1.202309131626/tools/bin/../lib/gcc/arm-none-eabi/11.3.1/thumb/v7e-m+fp/hard\libgcc.a
LOAD C:/ST/STM32CubeIDE_1.13.2/STM32CubeIDE/plugins/com.st.stm32cube.ide.mcu.externaltools.gnu-tools-for-stm32.11.3.rel1.win32_1.1.1.202309131626/tools/bin/../lib/gcc/arm-none-eabi/11.3.1/../../../../arm-none-eabi/lib/thumb/v7e-m+fp/hard\libc.a
END GROUP
LOAD C:/ST/STM32CubeIDE_1.13.2/STM32CubeIDE/plugins/com.st.stm32cube.ide.mcu.externaltools.gnu-tools-for-stm32.11.3.rel1.win32_1.1.1.202309131626/tools/bin/../lib/gcc/arm-none-eabi/11.3.1/thumb/v7e-m+fp/hard/crtend.o
LOAD C:/ST/STM32CubeIDE_1.13.2/STM32CubeIDE/plugins/com.st.stm32cube.ide.mcu.externaltools.gnu-tools-for-stm32.11.3.rel1.win32_1.1.1.202309131626/tools/bin/../lib/gcc/arm-none-eabi/11.3.1/thumb/v7e-m+fp/hard/crtn.o
                0x0000000020020000                _estack = 0x20020000
                0x0000000000000200                _Min_Heap_Size = 0x200
                0x0000000000000400                _Min_Stack_Size = 0x400

.isr_vector     0x0000000008000000      0x198
                0x0000000008000000                . = ALIGN (0x4)
 *(.isr_vector)
 .isr_vector    0x0000000008000000      0x198 startup/startup_stm32f411xe.o
                0x0000000008000000                g_pfnVectors
                0x0000000008000198                . = ALIGN (0x4)

.text           0x0000000008000198     0x35b8
                0x0000000008000198                . = ALIGN (0x4)
 *(.text)
 .text          0x0000000008000198       0x40 C:/ST/STM32CubeIDE_1.13.2/STM32CubeIDE/plugins/com.st.stm32cube.ide.mcu.externaltools.gnu-tools-for-stm32.11.3.rel1.win32_1.1.1.202309131626/tools/bin/../lib/gcc/arm-none-eabi/11.3.1/thumb/v7e-m+fp/hard/crtbegin.o
 .text          0x00000000080001d8       0x18 startup/sys_handlers.o
                0x00000000080001d8                NMI_Handler
                0x00000000080001dc                HardFault_Handler
                0x00000000080001de                MemManage_Handler
                0x00000000080001e0                BusFault_Handler
                0x00000000080001e2                UsageFault_Handler
                0x00000000080001e4                SVC_Handler
                0x00000000080001e8                DebugMon_Handler
                0x00000000080001ec                PendSV_Handler
 .text          0x00000000080001f0      0x16c startup/system_stm32f4xx.o
                0x00000000080001f0                SystemInit
                0x0000000008000264                SystemCoreClockUpdate
 .text          0x000000000800035c      0x3f0 STM32F4xx_HAL_Driver/src/stm32f4xx_ll_rcc.o
                0x000000000800056c                rcc_config_clock
 .text          0x000000000800074c      0x4d8 STM32F4xx_HAL_Driver/src/stm32f4xx_hal_i2c.o
                0x000000000800074c                HAL_I2C_EV_IRQHandler
                0x0000000008000928                HAL_I2C_ER_IRQHandler
                0x00000000080009be                HAL_I2C_Init
                0x0000000008000a74                HAL_I2C_Master_Transmit_IT
                0x0000000008000b06                HAL_I2C_Master_Receive_IT
                0x0000000008000b98                HAL_I2C_Master_Transmit_Receive_IT
 *fill*         0x0000000008000c24        0x4 
 .text          0x0000000008000c28      0x34c STM32F4xx_HAL_Driver/src/util.o
                0x0000000008000c28                num2str
                0x0000000008000cc4                str2num
                0x0000000008000d5e                reverse
                0x0000000008000db2                intToStr
                0x0000000008000e40                float2str
                0x0000000008000ee0                myPow
 .text          0x0000000008000f74      0x268 STM32F4xx_HAL_Driver/src/stm32f4xx_hal.o
                0x0000000008000f74                HAL_Init
                0x0000000008000f8c                HAL_DeInit
                0x0000000008000f9c                HAL_MspDeInit
                0x0000000008000fa0                HAL_InitTick
                0x0000000008001000                HAL_IncTick
                0x000000000800101c                HAL_GetTick
                0x0000000008001028                HAL_GetTickPrio
                0x0000000008001034                HAL_SetTickFreq
                0x000000000800107c                HAL_GetTickFreq
                0x0000000008001088                HAL_Delay
                0x00000000080010cc                HAL_SuspendTick
                0x00000000080010e0                HAL_ResumeTick
                0x00000000080010f4                HAL_GetHalVersion
                0x0000000008001100                HAL_GetREVID
                0x0000000008001110                HAL_GetDEVID
                0x0000000008001120                HAL_DBGMCU_EnableDBGSleepMode
                0x0000000008001134                HAL_DBGMCU_DisableDBGSleepMode
                0x0000000008001148                HAL_DBGMCU_EnableDBGStopMode
                0x000000000800115c                HAL_DBGMCU_DisableDBGStopMode
                0x0000000008001170                HAL_DBGMCU_EnableDBGStandbyMode
                0x0000000008001184                HAL_DBGMCU_DisableDBGStandbyMode
                0x0000000008001198                HAL_EnableCompensationCell
                0x00000000080011a8                HAL_DisableCompensationCell
                0x00000000080011b8                HAL_GetUIDw0
                0x00000000080011c4                HAL_GetUIDw1
                0x00000000080011d0                HAL_GetUIDw2
 .text          0x00000000080011dc      0x59c STM32F4xx_HAL_Driver/src/stm32f4xx_hal_cortex.o
                0x0000000008001510                HAL_NVIC_SetPriorityGrouping
                0x0000000008001524                HAL_NVIC_SetPriority
                0x000000000800155c                HAL_NVIC_EnableIRQ
                0x0000000008001578                HAL_NVIC_DisableIRQ
                0x0000000008001594                HAL_NVIC_SystemReset
                0x000000000800159e                HAL_SYSTICK_Config
                0x00000000080015b4                HAL_MPU_Disable
                0x00000000080015d8                HAL_MPU_Enable
                0x000000000800160c                HAL_MPU_ConfigRegion
                0x000000000800168c                HAL_NVIC_GetPriorityGrouping
                0x0000000008001698                HAL_NVIC_GetPriority
                0x00000000080016c4                HAL_NVIC_SetPendingIRQ
                0x00000000080016e0                HAL_NVIC_GetPendingIRQ
                0x00000000080016fe                HAL_NVIC_ClearPendingIRQ
                0x000000000800171a                HAL_NVIC_GetActive
                0x0000000008001738                HAL_SYSTICK_CLKSourceConfig
                0x0000000008001768                HAL_SYSTICK_IRQHandler
                0x0000000008001772                HAL_SYSTICK_Callback
 .text          0x0000000008001778      0x4bc STM32F4xx_HAL_Driver/src/stm32f4xx_hal_uart.o
                0x0000000008001778                HAL_USART_IRQHandler
                0x00000000080017d4                HAL_UART_Init
                0x0000000008001888                HAL_UART_Transmit
                0x00000000080018b6                HAL_UART_Receive
                0x00000000080018fe                HAL_UART_Receive_IT
                0x0000000008001936                uart_putc
                0x000000000800195e                uart_puts
                0x00000000080019a0                uart_printf
 .text          0x0000000008001c34      0x3c0 STM32F4xx_HAL_Driver/src/stm32f4xx_hal_gpio.o
                0x0000000008001c34                HAL_GPIO_EXTI_IRQHandler
                0x0000000008001c70                HAL_GPIO_Init
                0x0000000008001f6c                HAL_GPIO_ReadPort
                0x0000000008001f7e                HAL_GPIO_ReadPin
                0x0000000008001f9e                HAL_GPIO_WritePort
                0x0000000008001fb4                HAL_GPIO_WritePin
 .text          0x0000000008001ff4      0x408 STM32F4xx_HAL_Driver/src/stm32f4xx_hal_tim.o
                0x0000000008001ff4                HAL_TIM_IRQHandler
                0x0000000008002018                HAL_TIM_wait_ms
                0x0000000008002026                HAL_TIM_wait_us
                0x0000000008002034                HAL_TIM_Base_Init
                0x0000000008002074                HAL_TIM_Base_Start
                0x000000000800207e                HAL_TIM_Base_Start_IT
                0x00000000080020c0                HAL_TIM_Base_Stop
                0x00000000080020ca                HAL_TIM_Base_Stop_IT
                0x00000000080020f4                HAL_TIM_PWM_Init
                0x0000000008002144                HAL_TIM_PWM_ConfigChannel
                0x000000000800233c                HAL_TIM_PWM_Channel_Set
 .text          0x00000000080023fc      0x1dc STM32F4xx_HAL_Driver/src/stm32f4xx_hal_spi.o
                0x00000000080023fc                HAL_SPI_IRQHandler
                0x00000000080024a0                HAL_SPI_Init
                0x0000000008002524                HAL_SPI_Transmit_IT
                0x0000000008002596                HAL_SPI_Write_Byte
 .text          0x00000000080025d8       0x70 mbed_shield/src/leds.o
                0x00000000080025d8                nucleo_led
                0x00000000080025e2                red_led
                0x0000000008002604                green_led
                0x0000000008002624                blue_led
 .text          0x0000000008002648      0x3b8 src/stm32f4xx_hal_msp.o
                0x00000000080026c4                HAL_MspInit
                0x0000000008002744                HAL_GPIO_LEDS_MspInit
                0x00000000080027ac                HAL_GPIO_SWITCHS_MspInit
                0x0000000008002834                HAL_TIM2_MspInit
                0x000000000800285c                HAL_TIM5_MspInit
                0x00000000080028b8                HAL_I2C1_MspInit
                0x0000000008002924                HAL_UART2_MspInit
                0x0000000008002990                HAL_GPIO_SWITCH_RIGHT_EXTI_MspInit
                0x00000000080029c8                HAL_GPIO_SWITCH_LEFT_EXTI_MspInit
 .text          0x0000000008002a00       0xa4 src/stm32f4xx_it.o
                0x0000000008002a00                SysTick_Handler
                0x0000000008002a0e                TIM5_IRQHandler
                0x0000000008002a20                TIM3_IRQHandler
                0x0000000008002a30                USART2_IRQHandler
                0x0000000008002a40                I2C1_EV_IRQHandler
                0x0000000008002a50                I2C1_ER_IRQHandler
                0x0000000008002a60                EXTI15_10_IRQHandler
                0x0000000008002a6e                EXTI4_IRQHandler
                0x0000000008002a7a                EXTI0_IRQHandler
                0x0000000008002a86                EXTI1_IRQHandler
                0x0000000008002a92                SPI1_IRQHandler
 *fill*         0x0000000008002aa4        0x4 
 .text          0x0000000008002aa8      0x2f0 src/main.o
                0x0000000008002aa8                degToFaraday
                0x0000000008002ad4                HAL_GPIO_EXTI_Callback
                0x0000000008002b40                HAL_UART_RxCpltCallback
                0x0000000008002b4a                HAL_TIM_PeriodElapsedCallback
                0x0000000008002ba8                read_tempAndHumd
                0x0000000008002cbc                main
 .text          0x0000000008002d98      0x378 C:/ST/STM32CubeIDE_1.13.2/STM32CubeIDE/plugins/com.st.stm32cube.ide.mcu.externaltools.gnu-tools-for-stm32.11.3.rel1.win32_1.1.1.202309131626/tools/bin/../lib/gcc/arm-none-eabi/11.3.1/thumb/v7e-m+fp/hard\libgcc.a(_arm_addsubdf3.o)
                0x0000000008002d98                __aeabi_drsub
                0x0000000008002da0                __aeabi_dsub
                0x0000000008002da0                __subdf3
                0x0000000008002da4                __aeabi_dadd
                0x0000000008002da4                __adddf3
                0x000000000800301c                __floatunsidf
                0x000000000800301c                __aeabi_ui2d
                0x000000000800303c                __floatsidf
                0x000000000800303c                __aeabi_i2d
                0x0000000008003060                __aeabi_f2d
                0x0000000008003060                __extendsfdf2
                0x00000000080030a4                __floatundidf
                0x00000000080030a4                __aeabi_ul2d
                0x00000000080030b4                __floatdidf
                0x00000000080030b4                __aeabi_l2d
 .text          0x0000000008003110      0x424 C:/ST/STM32CubeIDE_1.13.2/STM32CubeIDE/plugins/com.st.stm32cube.ide.mcu.externaltools.gnu-tools-for-stm32.11.3.rel1.win32_1.1.1.202309131626/tools/bin/../lib/gcc/arm-none-eabi/11.3.1/thumb/v7e-m+fp/hard\libgcc.a(_arm_muldivdf3.o)
                0x0000000008003110                __aeabi_dmul
                0x0000000008003110                __muldf3
                0x0000000008003364                __divdf3
                0x0000000008003364                __aeabi_ddiv
 .text          0x0000000008003534       0xa0 C:/ST/STM32CubeIDE_1.13.2/STM32CubeIDE/plugins/com.st.stm32cube.ide.mcu.externaltools.gnu-tools-for-stm32.11.3.rel1.win32_1.1.1.202309131626/tools/bin/../lib/gcc/arm-none-eabi/11.3.1/thumb/v7e-m+fp/hard\libgcc.a(_arm_truncdfsf2.o)
                0x0000000008003534                __truncdfsf2
                0x0000000008003534                __aeabi_d2f
 *(.text*)
 .text.Reset_Handler
                0x00000000080035d4       0x4c startup/startup_stm32f411xe.o
                0x00000000080035d4                Reset_Handler
                0x0000000008003606                _exit
 .text.Default_Handler
                0x0000000008003620        0x2 startup/startup_stm32f411xe.o
                0x0000000008003620                RTC_Alarm_IRQHandler
                0x0000000008003620                EXTI2_IRQHandler
                0x0000000008003620                SPI4_IRQHandler
                0x0000000008003620                TIM1_CC_IRQHandler
                0x0000000008003620                DMA2_Stream5_IRQHandler
                0x0000000008003620                DMA1_Stream5_IRQHandler
                0x0000000008003620                PVD_IRQHandler
                0x0000000008003620                SDIO_IRQHandler
                0x0000000008003620                TAMP_STAMP_IRQHandler
                0x0000000008003620                EXTI3_IRQHandler
                0x0000000008003620                TIM1_UP_TIM10_IRQHandler
                0x0000000008003620                I2C3_ER_IRQHandler
                0x0000000008003620                I2C2_EV_IRQHandler
                0x0000000008003620                DMA1_Stream2_IRQHandler
                0x0000000008003620                FPU_IRQHandler
                0x0000000008003620                DMA2_Stream2_IRQHandler
                0x0000000008003620                TIM1_BRK_TIM9_IRQHandler
                0x0000000008003620                DMA2_Stream3_IRQHandler
                0x0000000008003620                USART6_IRQHandler
                0x0000000008003620                DMA2_Stream0_IRQHandler
                0x0000000008003620                TIM4_IRQHandler
                0x0000000008003620                DMA1_Stream6_IRQHandler
                0x0000000008003620                DMA1_Stream1_IRQHandler
                0x0000000008003620                RCC_IRQHandler
                0x0000000008003620                Default_Handler
                0x0000000008003620                ADC_IRQHandler
                0x0000000008003620                DMA1_Stream7_IRQHandler
                0x0000000008003620                SPI5_IRQHandler
                0x0000000008003620                DMA2_Stream7_IRQHandler
                0x0000000008003620                I2C3_EV_IRQHandler
                0x0000000008003620                EXTI9_5_IRQHandler
                0x0000000008003620                RTC_WKUP_IRQHandler
                0x0000000008003620                SPI2_IRQHandler
                0x0000000008003620                DMA1_Stream0_IRQHandler
                0x0000000008003620                WWDG_IRQHandler
                0x0000000008003620                TIM2_IRQHandler
                0x0000000008003620                OTG_FS_WKUP_IRQHandler
                0x0000000008003620                TIM1_TRG_COM_TIM11_IRQHandler
                0x0000000008003620                I2C2_ER_IRQHandler
                0x0000000008003620                DMA2_Stream1_IRQHandler
                0x0000000008003620                FLASH_IRQHandler
                0x0000000008003620                DMA2_Stream4_IRQHandler
                0x0000000008003620                USART1_IRQHandler
                0x0000000008003620                OTG_FS_IRQHandler
                0x0000000008003620                SPI3_IRQHandler
                0x0000000008003620                DMA1_Stream4_IRQHandler
                0x0000000008003620                DMA2_Stream6_IRQHandler
                0x0000000008003620                DMA1_Stream3_IRQHandler
 *fill*         0x0000000008003622        0x2 
 .text.__libc_init_array
                0x0000000008003624       0x48 C:/ST/STM32CubeIDE_1.13.2/STM32CubeIDE/plugins/com.st.stm32cube.ide.mcu.externaltools.gnu-tools-for-stm32.11.3.rel1.win32_1.1.1.202309131626/tools/bin/../lib/gcc/arm-none-eabi/11.3.1/../../../../arm-none-eabi/lib/thumb/v7e-m+fp/hard\libc.a(libc_a-init.o)
                0x0000000008003624                __libc_init_array
 .text.__retarget_lock_acquire_recursive
                0x000000000800366c        0x2 C:/ST/STM32CubeIDE_1.13.2/STM32CubeIDE/plugins/com.st.stm32cube.ide.mcu.externaltools.gnu-tools-for-stm32.11.3.rel1.win32_1.1.1.202309131626/tools/bin/../lib/gcc/arm-none-eabi/11.3.1/../../../../arm-none-eabi/lib/thumb/v7e-m+fp/hard\libc.a(libc_a-lock.o)
                0x000000000800366c                __retarget_lock_acquire_recursive
 .text.__retarget_lock_release_recursive
                0x000000000800366e        0x2 C:/ST/STM32CubeIDE_1.13.2/STM32CubeIDE/plugins/com.st.stm32cube.ide.mcu.externaltools.gnu-tools-for-stm32.11.3.rel1.win32_1.1.1.202309131626/tools/bin/../lib/gcc/arm-none-eabi/11.3.1/../../../../arm-none-eabi/lib/thumb/v7e-m+fp/hard\libc.a(libc_a-lock.o)
                0x000000000800366e                __retarget_lock_release_recursive
 .text.startup.register_fini
                0x0000000008003670       0x14 C:/ST/STM32CubeIDE_1.13.2/STM32CubeIDE/plugins/com.st.stm32cube.ide.mcu.externaltools.gnu-tools-for-stm32.11.3.rel1.win32_1.1.1.202309131626/tools/bin/../lib/gcc/arm-none-eabi/11.3.1/../../../../arm-none-eabi/lib/thumb/v7e-m+fp/hard\libc.a(libc_a-__call_atexit.o)
 .text.atexit   0x0000000008003684        0xc C:/ST/STM32CubeIDE_1.13.2/STM32CubeIDE/plugins/com.st.stm32cube.ide.mcu.externaltools.gnu-tools-for-stm32.11.3.rel1.win32_1.1.1.202309131626/tools/bin/../lib/gcc/arm-none-eabi/11.3.1/../../../../arm-none-eabi/lib/thumb/v7e-m+fp/hard\libc.a(libc_a-atexit.o)
                0x0000000008003684                atexit
 .text.__libc_fini_array
                0x0000000008003690       0x28 C:/ST/STM32CubeIDE_1.13.2/STM32CubeIDE/plugins/com.st.stm32cube.ide.mcu.externaltools.gnu-tools-for-stm32.11.3.rel1.win32_1.1.1.202309131626/tools/bin/../lib/gcc/arm-none-eabi/11.3.1/../../../../arm-none-eabi/lib/thumb/v7e-m+fp/hard\libc.a(libc_a-fini.o)
                0x0000000008003690                __libc_fini_array
 .text.__register_exitproc
                0x00000000080036b8       0x80 C:/ST/STM32CubeIDE_1.13.2/STM32CubeIDE/plugins/com.st.stm32cube.ide.mcu.externaltools.gnu-tools-for-stm32.11.3.rel1.win32_1.1.1.202309131626/tools/bin/../lib/gcc/arm-none-eabi/11.3.1/../../../../arm-none-eabi/lib/thumb/v7e-m+fp/hard\libc.a(libc_a-__atexit.o)
                0x00000000080036b8                __register_exitproc
 *(.glue_7)
 .glue_7        0x0000000008003738        0x0 linker stubs
 *(.glue_7t)
 .glue_7t       0x0000000008003738        0x0 linker stubs
 *(.eh_frame)
 .eh_frame      0x0000000008003738        0x0 C:/ST/STM32CubeIDE_1.13.2/STM32CubeIDE/plugins/com.st.stm32cube.ide.mcu.externaltools.gnu-tools-for-stm32.11.3.rel1.win32_1.1.1.202309131626/tools/bin/../lib/gcc/arm-none-eabi/11.3.1/thumb/v7e-m+fp/hard/crtbegin.o
 *(.init)
 .init          0x0000000008003738        0x4 C:/ST/STM32CubeIDE_1.13.2/STM32CubeIDE/plugins/com.st.stm32cube.ide.mcu.externaltools.gnu-tools-for-stm32.11.3.rel1.win32_1.1.1.202309131626/tools/bin/../lib/gcc/arm-none-eabi/11.3.1/thumb/v7e-m+fp/hard/crti.o
                0x0000000008003738                _init
 .init          0x000000000800373c        0x8 C:/ST/STM32CubeIDE_1.13.2/STM32CubeIDE/plugins/com.st.stm32cube.ide.mcu.externaltools.gnu-tools-for-stm32.11.3.rel1.win32_1.1.1.202309131626/tools/bin/../lib/gcc/arm-none-eabi/11.3.1/thumb/v7e-m+fp/hard/crtn.o
 *(.fini)
 .fini          0x0000000008003744        0x4 C:/ST/STM32CubeIDE_1.13.2/STM32CubeIDE/plugins/com.st.stm32cube.ide.mcu.externaltools.gnu-tools-for-stm32.11.3.rel1.win32_1.1.1.202309131626/tools/bin/../lib/gcc/arm-none-eabi/11.3.1/thumb/v7e-m+fp/hard/crti.o
                0x0000000008003744                _fini
 .fini          0x0000000008003748        0x8 C:/ST/STM32CubeIDE_1.13.2/STM32CubeIDE/plugins/com.st.stm32cube.ide.mcu.externaltools.gnu-tools-for-stm32.11.3.rel1.win32_1.1.1.202309131626/tools/bin/../lib/gcc/arm-none-eabi/11.3.1/thumb/v7e-m+fp/hard/crtn.o
                0x0000000008003750                . = ALIGN (0x4)
                0x0000000008003750                _etext = .

.vfp11_veneer   0x0000000008003750        0x0
 .vfp11_veneer  0x0000000008003750        0x0 linker stubs

.v4_bx          0x0000000008003750        0x0
 .v4_bx         0x0000000008003750        0x0 linker stubs

.iplt           0x0000000008003750        0x0
 .iplt          0x0000000008003750        0x0 C:/ST/STM32CubeIDE_1.13.2/STM32CubeIDE/plugins/com.st.stm32cube.ide.mcu.externaltools.gnu-tools-for-stm32.11.3.rel1.win32_1.1.1.202309131626/tools/bin/../lib/gcc/arm-none-eabi/11.3.1/thumb/v7e-m+fp/hard/crtbegin.o

.rodata         0x0000000008003750      0x8c8
                0x0000000008003750                . = ALIGN (0x4)
 *(.rodata)
 .rodata        0x0000000008003750       0x24 C:/ST/STM32CubeIDE_1.13.2/STM32CubeIDE/plugins/com.st.stm32cube.ide.mcu.externaltools.gnu-tools-for-stm32.11.3.rel1.win32_1.1.1.202309131626/tools/bin/../lib/gcc/arm-none-eabi/11.3.1/thumb/v7e-m+fp/hard/crtbegin.o
 .rodata        0x0000000008003774      0x114 startup/stm32f411_periph.o
                0x0000000008003774                _SCnSCB
                0x0000000008003778                _SCB
                0x000000000800377c                _SysTick
                0x0000000008003780                _NVIC
                0x0000000008003784                _ITM
                0x0000000008003788                _DWT
                0x000000000800378c                _TPI
                0x0000000008003790                _CoreDebug
                0x0000000008003794                _MPU
                0x0000000008003798                _FPU
                0x000000000800379c                _TIM2
                0x00000000080037a0                _TIM3
                0x00000000080037a4                _TIM4
                0x00000000080037a8                _TIM5
                0x00000000080037ac                _RTC
                0x00000000080037b0                _WWDG
                0x00000000080037b4                _IWDG
                0x00000000080037b8                _I2S2ext
                0x00000000080037bc                _SPI2
                0x00000000080037c0                _SPI3
                0x00000000080037c4                _I2S3ext
                0x00000000080037c8                _USART2
                0x00000000080037cc                _I2C1
                0x00000000080037d0                _I2C2
                0x00000000080037d4                _I2C3
                0x00000000080037d8                _PWR
                0x00000000080037dc                _TIM1
                0x00000000080037e0                _USART1
                0x00000000080037e4                _USART6
                0x00000000080037e8                _ADC1
                0x00000000080037ec                _ADC
                0x00000000080037f0                _SDIO
                0x00000000080037f4                _SPI1
                0x00000000080037f8                _SPI4
                0x00000000080037fc                _SYSCFG
                0x0000000008003800                _EXTI
                0x0000000008003804                _TIM9
                0x0000000008003808                _TIM10
                0x000000000800380c                _TIM11
                0x0000000008003810                _SPI5
                0x0000000008003814                _GPIOA
                0x0000000008003818                _GPIOB
                0x000000000800381c                _GPIOC
                0x0000000008003820                _GPIOD
                0x0000000008003824                _GPIOE
                0x0000000008003828                _GPIOH
                0x000000000800382c                _CRC
                0x0000000008003830                _RCC
                0x0000000008003834                _FLASH
                0x0000000008003838                _DMA1
                0x000000000800383c                _DMA1_Stream0
                0x0000000008003840                _DMA1_Stream1
                0x0000000008003844                _DMA1_Stream2
                0x0000000008003848                _DMA1_Stream3
                0x000000000800384c                _DMA1_Stream4
                0x0000000008003850                _DMA1_Stream5
                0x0000000008003854                _DMA1_Stream6
                0x0000000008003858                _DMA1_Stream7
                0x000000000800385c                _DMA2
                0x0000000008003860                _DMA2_Stream0
                0x0000000008003864                _DMA2_Stream1
                0x0000000008003868                _DMA2_Stream2
                0x000000000800386c                _DMA2_Stream3
                0x0000000008003870                _DMA2_Stream4
                0x0000000008003874                _DMA2_Stream5
                0x0000000008003878                _DMA2_Stream6
                0x000000000800387c                _DMA2_Stream7
                0x0000000008003880                _DBGMCU
                0x0000000008003884                _USB_OTG_FS
 .rodata        0x0000000008003888       0x10 startup/system_stm32f4xx.o
                0x0000000008003888                AHBPrescTable
 .rodata        0x0000000008003898      0x724 mbed_shield/src/lcd_128x32.o
 .rodata        0x0000000008003fbc       0x38 src/main.o
 .rodata        0x0000000008003ff4       0x24 C:/ST/STM32CubeIDE_1.13.2/STM32CubeIDE/plugins/com.st.stm32cube.ide.mcu.externaltools.gnu-tools-for-stm32.11.3.rel1.win32_1.1.1.202309131626/tools/bin/../lib/gcc/arm-none-eabi/11.3.1/thumb/v7e-m+fp/hard/crtend.o
 *(.rodata*)
                0x0000000008004018                . = ALIGN (0x4)

.rel.dyn        0x0000000008004018        0x0
 .rel.iplt      0x0000000008004018        0x0 C:/ST/STM32CubeIDE_1.13.2/STM32CubeIDE/plugins/com.st.stm32cube.ide.mcu.externaltools.gnu-tools-for-stm32.11.3.rel1.win32_1.1.1.202309131626/tools/bin/../lib/gcc/arm-none-eabi/11.3.1/thumb/v7e-m+fp/hard/crtbegin.o

.ARM.extab
 *(.ARM.extab* .gnu.linkonce.armextab.*)

.ARM            0x0000000008004018        0x0
                0x0000000008004018                __exidx_start = .
 *(.ARM.exidx*)
                0x0000000008004018                __exidx_end = .

.preinit_array  0x0000000008004018        0x0
                0x0000000008004018                PROVIDE (__preinit_array_start = .)
 *(.preinit_array*)
                0x0000000008004018                PROVIDE (__preinit_array_end = .)

.init_array     0x0000000008004018        0x8
                0x0000000008004018                PROVIDE (__init_array_start = .)
 *(SORT_BY_NAME(.init_array.*))
 .init_array.00000
                0x0000000008004018        0x4 C:/ST/STM32CubeIDE_1.13.2/STM32CubeIDE/plugins/com.st.stm32cube.ide.mcu.externaltools.gnu-tools-for-stm32.11.3.rel1.win32_1.1.1.202309131626/tools/bin/../lib/gcc/arm-none-eabi/11.3.1/../../../../arm-none-eabi/lib/thumb/v7e-m+fp/hard\libc.a(libc_a-__call_atexit.o)
 *(.init_array*)
 .init_array    0x000000000800401c        0x4 C:/ST/STM32CubeIDE_1.13.2/STM32CubeIDE/plugins/com.st.stm32cube.ide.mcu.externaltools.gnu-tools-for-stm32.11.3.rel1.win32_1.1.1.202309131626/tools/bin/../lib/gcc/arm-none-eabi/11.3.1/thumb/v7e-m+fp/hard/crtbegin.o
                0x0000000008004020                PROVIDE (__init_array_end = .)

.fini_array     0x0000000008004020        0x4
                0x0000000008004020                PROVIDE (__fini_array_start = .)
 *(SORT_BY_NAME(.fini_array.*))
 *(.fini_array*)
 .fini_array    0x0000000008004020        0x4 C:/ST/STM32CubeIDE_1.13.2/STM32CubeIDE/plugins/com.st.stm32cube.ide.mcu.externaltools.gnu-tools-for-stm32.11.3.rel1.win32_1.1.1.202309131626/tools/bin/../lib/gcc/arm-none-eabi/11.3.1/thumb/v7e-m+fp/hard/crtbegin.o
                0x0000000008004024                PROVIDE (__fini_array_end = .)
                0x0000000008004024                _sidata = LOADADDR (.data)

.data           0x0000000020000000       0xcc load address 0x0000000008004024
                0x0000000020000000                . = ALIGN (0x4)
                0x0000000020000000                _sdata = .
 *(.data)
 .data          0x0000000020000000        0x4 startup/system_stm32f4xx.o
                0x0000000020000000                SystemCoreClock
 .data          0x0000000020000004       0xa8 STM32F4xx_HAL_Driver/src/stm32f4xx_ll_rcc.o
 .data          0x00000000200000ac       0x11 STM32F4xx_HAL_Driver/src/util.o
 *fill*         0x00000000200000bd        0x3 
 .data          0x00000000200000c0        0x5 STM32F4xx_HAL_Driver/src/stm32f4xx_hal.o
                0x00000000200000c0                uwTickPrio
                0x00000000200000c4                uwTickFreq
 *(.data*)
 *fill*         0x00000000200000c5        0x3 
 .data.__atexit_recursive_mutex
                0x00000000200000c8        0x4 C:/ST/STM32CubeIDE_1.13.2/STM32CubeIDE/plugins/com.st.stm32cube.ide.mcu.externaltools.gnu-tools-for-stm32.11.3.rel1.win32_1.1.1.202309131626/tools/bin/../lib/gcc/arm-none-eabi/11.3.1/../../../../arm-none-eabi/lib/thumb/v7e-m+fp/hard\libc.a(libc_a-__call_atexit.o)
                0x00000000200000c8                __atexit_recursive_mutex
                0x00000000200000cc                . = ALIGN (0x4)
                0x00000000200000cc                _edata = .

.igot.plt       0x00000000200000cc        0x0 load address 0x00000000080040f0
 .igot.plt      0x00000000200000cc        0x0 C:/ST/STM32CubeIDE_1.13.2/STM32CubeIDE/plugins/com.st.stm32cube.ide.mcu.externaltools.gnu-tools-for-stm32.11.3.rel1.win32_1.1.1.202309131626/tools/bin/../lib/gcc/arm-none-eabi/11.3.1/thumb/v7e-m+fp/hard/crtbegin.o
                0x00000000200000cc                . = ALIGN (0x4)

.bss            0x00000000200000cc      0x4e8 load address 0x00000000080040f0
                0x00000000200000cc                _sbss = .
                0x00000000200000cc                __bss_start__ = _sbss
 *(.bss)
 .bss           0x00000000200000cc       0x1c C:/ST/STM32CubeIDE_1.13.2/STM32CubeIDE/plugins/com.st.stm32cube.ide.mcu.externaltools.gnu-tools-for-stm32.11.3.rel1.win32_1.1.1.202309131626/tools/bin/../lib/gcc/arm-none-eabi/11.3.1/thumb/v7e-m+fp/hard/crtbegin.o
 .bss           0x00000000200000e8       0x14 startup/system_stm32f4xx.o
                0x00000000200000e8                sysclks
 .bss           0x00000000200000fc        0x4 STM32F4xx_HAL_Driver/src/stm32f4xx_hal_i2c.o
                0x00000000200000fc                nb_irqs_i2c
 .bss           0x0000000020000100        0x4 STM32F4xx_HAL_Driver/src/stm32f4xx_hal.o
                0x0000000020000100                uwTick
 .bss           0x0000000020000104       0x10 STM32F4xx_HAL_Driver/src/stm32f4xx_hal_spi.o
                0x0000000020000104                cpt
                0x0000000020000108                cpt1
                0x000000002000010c                cpt2
                0x0000000020000110                sr
 .bss           0x0000000020000114      0x264 mbed_shield/src/lcd_128x32.o
                0x0000000020000324                hspi1
 .bss           0x0000000020000378       0xa4 src/main.o
                0x0000000020000378                htim3
                0x000000002000038c                htim5
                0x00000000200003a0                huart2
                0x00000000200003d0                hi2c1
                0x0000000020000414                tempCylis
                0x0000000020000418                button_pressed
 *(.bss*)
 .bss.__lock___atexit_recursive_mutex
                0x000000002000041c        0x1 C:/ST/STM32CubeIDE_1.13.2/STM32CubeIDE/plugins/com.st.stm32cube.ide.mcu.externaltools.gnu-tools-for-stm32.11.3.rel1.win32_1.1.1.202309131626/tools/bin/../lib/gcc/arm-none-eabi/11.3.1/../../../../arm-none-eabi/lib/thumb/v7e-m+fp/hard\libc.a(libc_a-lock.o)
                0x000000002000041c                __lock___atexit_recursive_mutex
 *fill*         0x000000002000041d        0x3 
 .bss.__atexit  0x0000000020000420        0x4 C:/ST/STM32CubeIDE_1.13.2/STM32CubeIDE/plugins/com.st.stm32cube.ide.mcu.externaltools.gnu-tools-for-stm32.11.3.rel1.win32_1.1.1.202309131626/tools/bin/../lib/gcc/arm-none-eabi/11.3.1/../../../../arm-none-eabi/lib/thumb/v7e-m+fp/hard\libc.a(libc_a-__call_atexit.o)
                0x0000000020000420                __atexit
 .bss.__atexit0
                0x0000000020000424      0x190 C:/ST/STM32CubeIDE_1.13.2/STM32CubeIDE/plugins/com.st.stm32cube.ide.mcu.externaltools.gnu-tools-for-stm32.11.3.rel1.win32_1.1.1.202309131626/tools/bin/../lib/gcc/arm-none-eabi/11.3.1/../../../../arm-none-eabi/lib/thumb/v7e-m+fp/hard\libc.a(libc_a-__atexit.o)
                0x0000000020000424                __atexit0
 *(COMMON)
                0x00000000200005b4                . = ALIGN (0x4)
                0x00000000200005b4                _ebss = .
                0x00000000200005b4                __bss_end__ = _ebss

._user_heap_stack
                0x00000000200005b4      0x600 load address 0x00000000080040f0
                0x00000000200005b4                . = ALIGN (0x4)
                [!provide]                        PROVIDE (end = .)
                [!provide]                        PROVIDE (_end = .)
                0x00000000200007b4                . = (. + _Min_Heap_Size)
 *fill*         0x00000000200005b4      0x200 
                0x0000000020000bb4                . = (. + _Min_Stack_Size)
 *fill*         0x00000000200007b4      0x400 
                0x0000000020000bb4                . = ALIGN (0x4)

/DISCARD/
 libc.a(*)
 libm.a(*)
 libgcc.a(*)

.ARM.attributes
                0x0000000000000000       0x30
 *(.ARM.attributes)
 .ARM.attributes
                0x0000000000000000       0x1e C:/ST/STM32CubeIDE_1.13.2/STM32CubeIDE/plugins/com.st.stm32cube.ide.mcu.externaltools.gnu-tools-for-stm32.11.3.rel1.win32_1.1.1.202309131626/tools/bin/../lib/gcc/arm-none-eabi/11.3.1/thumb/v7e-m+fp/hard/crti.o
 .ARM.attributes
                0x000000000000001e       0x34 C:/ST/STM32CubeIDE_1.13.2/STM32CubeIDE/plugins/com.st.stm32cube.ide.mcu.externaltools.gnu-tools-for-stm32.11.3.rel1.win32_1.1.1.202309131626/tools/bin/../lib/gcc/arm-none-eabi/11.3.1/thumb/v7e-m+fp/hard/crtbegin.o
 .ARM.attributes
                0x0000000000000052       0x34 startup/stm32f411_periph.o
 .ARM.attributes
                0x0000000000000086       0x34 startup/sys_handlers.o
 .ARM.attributes
                0x00000000000000ba       0x34 startup/system_stm32f4xx.o
 .ARM.attributes
                0x00000000000000ee       0x34 STM32F4xx_HAL_Driver/src/stm32f4xx_ll_rcc.o
 .ARM.attributes
                0x0000000000000122       0x34 STM32F4xx_HAL_Driver/src/stm32f4xx_hal_i2c.o
 .ARM.attributes
                0x0000000000000156       0x34 STM32F4xx_HAL_Driver/src/util.o
 .ARM.attributes
                0x000000000000018a       0x34 STM32F4xx_HAL_Driver/src/stm32f4xx_hal.o
 .ARM.attributes
                0x00000000000001be       0x34 STM32F4xx_HAL_Driver/src/stm32f4xx_hal_cortex.o
 .ARM.attributes
                0x00000000000001f2       0x34 STM32F4xx_HAL_Driver/src/stm32f4xx_hal_uart.o
 .ARM.attributes
                0x0000000000000226       0x34 STM32F4xx_HAL_Driver/src/stm32f4xx_hal_gpio.o
 .ARM.attributes
                0x000000000000025a       0x34 STM32F4xx_HAL_Driver/src/stm32f4xx_hal_tim.o
 .ARM.attributes
                0x000000000000028e       0x34 STM32F4xx_HAL_Driver/src/stm32f4xx_hal_spi.o
 .ARM.attributes
                0x00000000000002c2       0x34 mbed_shield/src/leds.o
 .ARM.attributes
                0x00000000000002f6       0x34 mbed_shield/src/lcd_128x32.o
 .ARM.attributes
                0x000000000000032a       0x34 src/stm32f4xx_hal_msp.o
 .ARM.attributes
                0x000000000000035e       0x34 src/stm32f4xx_it.o
 .ARM.attributes
                0x0000000000000392       0x34 src/main.o
 .ARM.attributes
                0x00000000000003c6       0x21 startup/startup_stm32f411xe.o
 .ARM.attributes
                0x00000000000003e7       0x34 C:/ST/STM32CubeIDE_1.13.2/STM32CubeIDE/plugins/com.st.stm32cube.ide.mcu.externaltools.gnu-tools-for-stm32.11.3.rel1.win32_1.1.1.202309131626/tools/bin/../lib/gcc/arm-none-eabi/11.3.1/../../../../arm-none-eabi/lib/thumb/v7e-m+fp/hard\libc.a(libc_a-init.o)
 .ARM.attributes
                0x000000000000041b       0x34 C:/ST/STM32CubeIDE_1.13.2/STM32CubeIDE/plugins/com.st.stm32cube.ide.mcu.externaltools.gnu-tools-for-stm32.11.3.rel1.win32_1.1.1.202309131626/tools/bin/../lib/gcc/arm-none-eabi/11.3.1/../../../../arm-none-eabi/lib/thumb/v7e-m+fp/hard\libc.a(libc_a-lock.o)
 .ARM.attributes
                0x000000000000044f       0x34 C:/ST/STM32CubeIDE_1.13.2/STM32CubeIDE/plugins/com.st.stm32cube.ide.mcu.externaltools.gnu-tools-for-stm32.11.3.rel1.win32_1.1.1.202309131626/tools/bin/../lib/gcc/arm-none-eabi/11.3.1/../../../../arm-none-eabi/lib/thumb/v7e-m+fp/hard\libc.a(libc_a-__call_atexit.o)
 .ARM.attributes
                0x0000000000000483       0x34 C:/ST/STM32CubeIDE_1.13.2/STM32CubeIDE/plugins/com.st.stm32cube.ide.mcu.externaltools.gnu-tools-for-stm32.11.3.rel1.win32_1.1.1.202309131626/tools/bin/../lib/gcc/arm-none-eabi/11.3.1/../../../../arm-none-eabi/lib/thumb/v7e-m+fp/hard\libc.a(libc_a-atexit.o)
 .ARM.attributes
                0x00000000000004b7       0x34 C:/ST/STM32CubeIDE_1.13.2/STM32CubeIDE/plugins/com.st.stm32cube.ide.mcu.externaltools.gnu-tools-for-stm32.11.3.rel1.win32_1.1.1.202309131626/tools/bin/../lib/gcc/arm-none-eabi/11.3.1/../../../../arm-none-eabi/lib/thumb/v7e-m+fp/hard\libc.a(libc_a-fini.o)
 .ARM.attributes
                0x00000000000004eb       0x34 C:/ST/STM32CubeIDE_1.13.2/STM32CubeIDE/plugins/com.st.stm32cube.ide.mcu.externaltools.gnu-tools-for-stm32.11.3.rel1.win32_1.1.1.202309131626/tools/bin/../lib/gcc/arm-none-eabi/11.3.1/../../../../arm-none-eabi/lib/thumb/v7e-m+fp/hard\libc.a(libc_a-__atexit.o)
 .ARM.attributes
                0x000000000000051f       0x1e C:/ST/STM32CubeIDE_1.13.2/STM32CubeIDE/plugins/com.st.stm32cube.ide.mcu.externaltools.gnu-tools-for-stm32.11.3.rel1.win32_1.1.1.202309131626/tools/bin/../lib/gcc/arm-none-eabi/11.3.1/thumb/v7e-m+fp/hard\libgcc.a(_arm_addsubdf3.o)
 .ARM.attributes
                0x000000000000053d       0x1e C:/ST/STM32CubeIDE_1.13.2/STM32CubeIDE/plugins/com.st.stm32cube.ide.mcu.externaltools.gnu-tools-for-stm32.11.3.rel1.win32_1.1.1.202309131626/tools/bin/../lib/gcc/arm-none-eabi/11.3.1/thumb/v7e-m+fp/hard\libgcc.a(_arm_muldivdf3.o)
 .ARM.attributes
                0x000000000000055b       0x1e C:/ST/STM32CubeIDE_1.13.2/STM32CubeIDE/plugins/com.st.stm32cube.ide.mcu.externaltools.gnu-tools-for-stm32.11.3.rel1.win32_1.1.1.202309131626/tools/bin/../lib/gcc/arm-none-eabi/11.3.1/thumb/v7e-m+fp/hard\libgcc.a(_arm_truncdfsf2.o)
 .ARM.attributes
                0x0000000000000579       0x34 C:/ST/STM32CubeIDE_1.13.2/STM32CubeIDE/plugins/com.st.stm32cube.ide.mcu.externaltools.gnu-tools-for-stm32.11.3.rel1.win32_1.1.1.202309131626/tools/bin/../lib/gcc/arm-none-eabi/11.3.1/thumb/v7e-m+fp/hard/crtend.o
 .ARM.attributes
                0x00000000000005ad       0x1e C:/ST/STM32CubeIDE_1.13.2/STM32CubeIDE/plugins/com.st.stm32cube.ide.mcu.externaltools.gnu-tools-for-stm32.11.3.rel1.win32_1.1.1.202309131626/tools/bin/../lib/gcc/arm-none-eabi/11.3.1/thumb/v7e-m+fp/hard/crtn.o
OUTPUT(main.elf elf32-littlearm)
LOAD linker stubs
LOAD C:/ST/STM32CubeIDE_1.13.2/STM32CubeIDE/plugins/com.st.stm32cube.ide.mcu.externaltools.gnu-tools-for-stm32.11.3.rel1.win32_1.1.1.202309131626/tools/bin/../lib/gcc/arm-none-eabi/11.3.1/../../../../arm-none-eabi/lib/thumb/v7e-m+fp/hard\libc.a
LOAD C:/ST/STM32CubeIDE_1.13.2/STM32CubeIDE/plugins/com.st.stm32cube.ide.mcu.externaltools.gnu-tools-for-stm32.11.3.rel1.win32_1.1.1.202309131626/tools/bin/../lib/gcc/arm-none-eabi/11.3.1/../../../../arm-none-eabi/lib/thumb/v7e-m+fp/hard\libm.a
LOAD C:/ST/STM32CubeIDE_1.13.2/STM32CubeIDE/plugins/com.st.stm32cube.ide.mcu.externaltools.gnu-tools-for-stm32.11.3.rel1.win32_1.1.1.202309131626/tools/bin/../lib/gcc/arm-none-eabi/11.3.1/thumb/v7e-m+fp/hard\libgcc.a

.comment        0x0000000000000000       0x43
 .comment       0x0000000000000000       0x43 C:/ST/STM32CubeIDE_1.13.2/STM32CubeIDE/plugins/com.st.stm32cube.ide.mcu.externaltools.gnu-tools-for-stm32.11.3.rel1.win32_1.1.1.202309131626/tools/bin/../lib/gcc/arm-none-eabi/11.3.1/thumb/v7e-m+fp/hard/crtbegin.o
                                         0x44 (size before relaxing)
 .comment       0x0000000000000043       0x44 startup/stm32f411_periph.o
 .comment       0x0000000000000043       0x44 startup/sys_handlers.o
 .comment       0x0000000000000043       0x44 startup/system_stm32f4xx.o
 .comment       0x0000000000000043       0x44 STM32F4xx_HAL_Driver/src/stm32f4xx_ll_rcc.o
 .comment       0x0000000000000043       0x44 STM32F4xx_HAL_Driver/src/stm32f4xx_hal_i2c.o
 .comment       0x0000000000000043       0x44 STM32F4xx_HAL_Driver/src/util.o
 .comment       0x0000000000000043       0x44 STM32F4xx_HAL_Driver/src/stm32f4xx_hal.o
 .comment       0x0000000000000043       0x44 STM32F4xx_HAL_Driver/src/stm32f4xx_hal_cortex.o
 .comment       0x0000000000000043       0x44 STM32F4xx_HAL_Driver/src/stm32f4xx_hal_uart.o
 .comment       0x0000000000000043       0x44 STM32F4xx_HAL_Driver/src/stm32f4xx_hal_gpio.o
 .comment       0x0000000000000043       0x44 STM32F4xx_HAL_Driver/src/stm32f4xx_hal_tim.o
 .comment       0x0000000000000043       0x44 STM32F4xx_HAL_Driver/src/stm32f4xx_hal_spi.o
 .comment       0x0000000000000043       0x44 mbed_shield/src/leds.o
 .comment       0x0000000000000043       0x44 mbed_shield/src/lcd_128x32.o
 .comment       0x0000000000000043       0x44 src/stm32f4xx_hal_msp.o
 .comment       0x0000000000000043       0x44 src/stm32f4xx_it.o
 .comment       0x0000000000000043       0x44 src/main.o
 .comment       0x0000000000000043       0x44 C:/ST/STM32CubeIDE_1.13.2/STM32CubeIDE/plugins/com.st.stm32cube.ide.mcu.externaltools.gnu-tools-for-stm32.11.3.rel1.win32_1.1.1.202309131626/tools/bin/../lib/gcc/arm-none-eabi/11.3.1/thumb/v7e-m+fp/hard/crtend.o

.debug_info     0x0000000000000000     0x8b9b
 .debug_info    0x0000000000000000     0x224d startup/stm32f411_periph.o
 .debug_info    0x000000000000224d       0xf4 startup/sys_handlers.o
 .debug_info    0x0000000000002341      0x5d2 startup/system_stm32f4xx.o
 .debug_info    0x0000000000002913      0x56e STM32F4xx_HAL_Driver/src/stm32f4xx_ll_rcc.o
 .debug_info    0x0000000000002e81      0x52a STM32F4xx_HAL_Driver/src/stm32f4xx_hal_i2c.o
 .debug_info    0x00000000000033ab      0x2f3 STM32F4xx_HAL_Driver/src/util.o
 .debug_info    0x000000000000369e      0x635 STM32F4xx_HAL_Driver/src/stm32f4xx_hal.o
 .debug_info    0x0000000000003cd3      0xc9f STM32F4xx_HAL_Driver/src/stm32f4xx_hal_cortex.o
 .debug_info    0x0000000000004972      0x5ee STM32F4xx_HAL_Driver/src/stm32f4xx_hal_uart.o
 .debug_info    0x0000000000004f60      0x5c0 STM32F4xx_HAL_Driver/src/stm32f4xx_hal_gpio.o
 .debug_info    0x0000000000005520      0x4a1 STM32F4xx_HAL_Driver/src/stm32f4xx_hal_tim.o
 .debug_info    0x00000000000059c1      0x43c STM32F4xx_HAL_Driver/src/stm32f4xx_hal_spi.o
 .debug_info    0x0000000000005dfd      0x1ea mbed_shield/src/leds.o
 .debug_info    0x0000000000005fe7      0xed9 mbed_shield/src/lcd_128x32.o
 .debug_info    0x0000000000006ec0      0xad2 src/stm32f4xx_hal_msp.o
 .debug_info    0x0000000000007992      0x89c src/stm32f4xx_it.o
 .debug_info    0x000000000000822e      0x94b src/main.o
 .debug_info    0x0000000000008b79       0x22 startup/startup_stm32f411xe.o

.debug_abbrev   0x0000000000000000     0x1d34
 .debug_abbrev  0x0000000000000000      0x16c startup/stm32f411_periph.o
 .debug_abbrev  0x000000000000016c       0x45 startup/sys_handlers.o
 .debug_abbrev  0x00000000000001b1      0x190 startup/system_stm32f4xx.o
 .debug_abbrev  0x0000000000000341      0x18b STM32F4xx_HAL_Driver/src/stm32f4xx_ll_rcc.o
 .debug_abbrev  0x00000000000004cc      0x199 STM32F4xx_HAL_Driver/src/stm32f4xx_hal_i2c.o
 .debug_abbrev  0x0000000000000665      0x126 STM32F4xx_HAL_Driver/src/util.o
 .debug_abbrev  0x000000000000078b      0x20a STM32F4xx_HAL_Driver/src/stm32f4xx_hal.o
 .debug_abbrev  0x0000000000000995      0x309 STM32F4xx_HAL_Driver/src/stm32f4xx_hal_cortex.o
 .debug_abbrev  0x0000000000000c9e      0x201 STM32F4xx_HAL_Driver/src/stm32f4xx_hal_uart.o
 .debug_abbrev  0x0000000000000e9f      0x186 STM32F4xx_HAL_Driver/src/stm32f4xx_hal_gpio.o
 .debug_abbrev  0x0000000000001025      0x17a STM32F4xx_HAL_Driver/src/stm32f4xx_hal_tim.o
 .debug_abbrev  0x000000000000119f      0x174 STM32F4xx_HAL_Driver/src/stm32f4xx_hal_spi.o
 .debug_abbrev  0x0000000000001313      0x103 mbed_shield/src/leds.o
 .debug_abbrev  0x0000000000001416      0x35b mbed_shield/src/lcd_128x32.o
 .debug_abbrev  0x0000000000001771      0x22a src/stm32f4xx_hal_msp.o
 .debug_abbrev  0x000000000000199b      0x162 src/stm32f4xx_it.o
 .debug_abbrev  0x0000000000001afd      0x225 src/main.o
 .debug_abbrev  0x0000000000001d22       0x12 startup/startup_stm32f411xe.o

.debug_aranges  0x0000000000000000      0x240
 .debug_aranges
                0x0000000000000000       0x18 startup/stm32f411_periph.o
 .debug_aranges
                0x0000000000000018       0x20 startup/sys_handlers.o
 .debug_aranges
                0x0000000000000038       0x20 startup/system_stm32f4xx.o
 .debug_aranges
                0x0000000000000058       0x20 STM32F4xx_HAL_Driver/src/stm32f4xx_ll_rcc.o
 .debug_aranges
                0x0000000000000078       0x20 STM32F4xx_HAL_Driver/src/stm32f4xx_hal_i2c.o
 .debug_aranges
                0x0000000000000098       0x20 STM32F4xx_HAL_Driver/src/util.o
 .debug_aranges
                0x00000000000000b8       0x20 STM32F4xx_HAL_Driver/src/stm32f4xx_hal.o
 .debug_aranges
                0x00000000000000d8       0x20 STM32F4xx_HAL_Driver/src/stm32f4xx_hal_cortex.o
 .debug_aranges
                0x00000000000000f8       0x20 STM32F4xx_HAL_Driver/src/stm32f4xx_hal_uart.o
 .debug_aranges
                0x0000000000000118       0x20 STM32F4xx_HAL_Driver/src/stm32f4xx_hal_gpio.o
 .debug_aranges
                0x0000000000000138       0x20 STM32F4xx_HAL_Driver/src/stm32f4xx_hal_tim.o
 .debug_aranges
                0x0000000000000158       0x20 STM32F4xx_HAL_Driver/src/stm32f4xx_hal_spi.o
 .debug_aranges
                0x0000000000000178       0x20 mbed_shield/src/leds.o
 .debug_aranges
                0x0000000000000198       0x20 mbed_shield/src/lcd_128x32.o
 .debug_aranges
                0x00000000000001b8       0x20 src/stm32f4xx_hal_msp.o
 .debug_aranges
                0x00000000000001d8       0x20 src/stm32f4xx_it.o
 .debug_aranges
                0x00000000000001f8       0x20 src/main.o
 .debug_aranges
                0x0000000000000218       0x28 startup/startup_stm32f411xe.o

.debug_line     0x0000000000000000     0x4b0f
 .debug_line    0x0000000000000000      0x25e startup/stm32f411_periph.o
 .debug_line    0x000000000000025e       0x7f startup/sys_handlers.o
 .debug_line    0x00000000000002dd      0x34a startup/system_stm32f4xx.o
 .debug_line    0x0000000000000627      0x52b STM32F4xx_HAL_Driver/src/stm32f4xx_ll_rcc.o
 .debug_line    0x0000000000000b52      0x5b1 STM32F4xx_HAL_Driver/src/stm32f4xx_hal_i2c.o
 .debug_line    0x0000000000001103      0x40f STM32F4xx_HAL_Driver/src/util.o
 .debug_line    0x0000000000001512      0x405 STM32F4xx_HAL_Driver/src/stm32f4xx_hal.o
 .debug_line    0x0000000000001917      0x640 STM32F4xx_HAL_Driver/src/stm32f4xx_hal_cortex.o
 .debug_line    0x0000000000001f57      0x597 STM32F4xx_HAL_Driver/src/stm32f4xx_hal_uart.o
 .debug_line    0x00000000000024ee      0x503 STM32F4xx_HAL_Driver/src/stm32f4xx_hal_gpio.o
 .debug_line    0x00000000000029f1      0x557 STM32F4xx_HAL_Driver/src/stm32f4xx_hal_tim.o
 .debug_line    0x0000000000002f48      0x3d8 STM32F4xx_HAL_Driver/src/stm32f4xx_hal_spi.o
 .debug_line    0x0000000000003320      0x289 mbed_shield/src/leds.o
 .debug_line    0x00000000000035a9      0xa22 mbed_shield/src/lcd_128x32.o
 .debug_line    0x0000000000003fcb      0x3b9 src/stm32f4xx_hal_msp.o
 .debug_line    0x0000000000004384      0x344 src/stm32f4xx_it.o
 .debug_line    0x00000000000046c8      0x3ce src/main.o
 .debug_line    0x0000000000004a96       0x79 startup/startup_stm32f411xe.o

.debug_str      0x0000000000000000     0x260d
 .debug_str     0x0000000000000000      0xc1f startup/stm32f411_periph.o
                                        0xca3 (size before relaxing)
 .debug_str     0x0000000000000c1f       0x97 startup/sys_handlers.o
                                        0x209 (size before relaxing)
 .debug_str     0x0000000000000cb6      0x19c startup/system_stm32f4xx.o
                                        0x49e (size before relaxing)
 .debug_str     0x0000000000000e52       0xeb STM32F4xx_HAL_Driver/src/stm32f4xx_ll_rcc.o
                                        0x519 (size before relaxing)
 .debug_str     0x0000000000000f3d      0x1bf STM32F4xx_HAL_Driver/src/stm32f4xx_hal_i2c.o
                                        0x404 (size before relaxing)
 .debug_str     0x00000000000010fc       0x91 STM32F4xx_HAL_Driver/src/util.o
                                        0x21a (size before relaxing)
 .debug_str     0x000000000000118d      0x6e1 STM32F4xx_HAL_Driver/src/stm32f4xx_hal.o
                                        0x8c5 (size before relaxing)
 .debug_str     0x000000000000186e      0x30e STM32F4xx_HAL_Driver/src/stm32f4xx_hal_cortex.o
                                        0xaae (size before relaxing)
 .debug_str     0x0000000000001b7c      0x193 STM32F4xx_HAL_Driver/src/stm32f4xx_hal_uart.o
                                        0x403 (size before relaxing)
 .debug_str     0x0000000000001d0f      0x104 STM32F4xx_HAL_Driver/src/stm32f4xx_hal_gpio.o
                                        0x45c (size before relaxing)
 .debug_str     0x0000000000001e13      0x1b2 STM32F4xx_HAL_Driver/src/stm32f4xx_hal_tim.o
                                        0x3bf (size before relaxing)
 .debug_str     0x0000000000001fc5      0x124 STM32F4xx_HAL_Driver/src/stm32f4xx_hal_spi.o
                                        0x3ca (size before relaxing)
 .debug_str     0x00000000000020e9       0x3d mbed_shield/src/leds.o
                                        0x21b (size before relaxing)
 .debug_str     0x0000000000002126      0x21e mbed_shield/src/lcd_128x32.o
                                        0x698 (size before relaxing)
 .debug_str     0x0000000000002344       0xe1 src/stm32f4xx_hal_msp.o
                                        0x87e (size before relaxing)
 .debug_str     0x0000000000002425       0xec src/stm32f4xx_it.o
                                        0x689 (size before relaxing)
 .debug_str     0x0000000000002511       0x73 src/main.o
                                        0x684 (size before relaxing)
 .debug_str     0x0000000000002584       0x89 startup/startup_stm32f411xe.o

.debug_frame    0x0000000000000000     0x13fc
 .debug_frame   0x0000000000000000       0x90 startup/sys_handlers.o
 .debug_frame   0x0000000000000090       0x40 startup/system_stm32f4xx.o
 .debug_frame   0x00000000000000d0       0x74 STM32F4xx_HAL_Driver/src/stm32f4xx_ll_rcc.o
 .debug_frame   0x0000000000000144       0xa8 STM32F4xx_HAL_Driver/src/stm32f4xx_hal_i2c.o
 .debug_frame   0x00000000000001ec       0xac STM32F4xx_HAL_Driver/src/util.o
 .debug_frame   0x0000000000000298      0x1f4 STM32F4xx_HAL_Driver/src/stm32f4xx_hal.o
 .debug_frame   0x000000000000048c      0x31c STM32F4xx_HAL_Driver/src/stm32f4xx_hal_cortex.o
 .debug_frame   0x00000000000007a8      0x108 STM32F4xx_HAL_Driver/src/stm32f4xx_hal_uart.o
 .debug_frame   0x00000000000008b0       0xa4 STM32F4xx_HAL_Driver/src/stm32f4xx_hal_gpio.o
 .debug_frame   0x0000000000000954      0x11c STM32F4xx_HAL_Driver/src/stm32f4xx_hal_tim.o
 .debug_frame   0x0000000000000a70       0x70 STM32F4xx_HAL_Driver/src/stm32f4xx_hal_spi.o
 .debug_frame   0x0000000000000ae0       0x7c mbed_shield/src/leds.o
 .debug_frame   0x0000000000000b5c      0x2c0 mbed_shield/src/lcd_128x32.o
 .debug_frame   0x0000000000000e1c      0x138 src/stm32f4xx_hal_msp.o
 .debug_frame   0x0000000000000f54      0x118 src/stm32f4xx_it.o
 .debug_frame   0x000000000000106c       0xb0 src/main.o
 .debug_frame   0x000000000000111c       0x2c C:/ST/STM32CubeIDE_1.13.2/STM32CubeIDE/plugins/com.st.stm32cube.ide.mcu.externaltools.gnu-tools-for-stm32.11.3.rel1.win32_1.1.1.202309131626/tools/bin/../lib/gcc/arm-none-eabi/11.3.1/../../../../arm-none-eabi/lib/thumb/v7e-m+fp/hard\libc.a(libc_a-init.o)
 .debug_frame   0x0000000000001148       0xb0 C:/ST/STM32CubeIDE_1.13.2/STM32CubeIDE/plugins/com.st.stm32cube.ide.mcu.externaltools.gnu-tools-for-stm32.11.3.rel1.win32_1.1.1.202309131626/tools/bin/../lib/gcc/arm-none-eabi/11.3.1/../../../../arm-none-eabi/lib/thumb/v7e-m+fp/hard\libc.a(libc_a-lock.o)
 .debug_frame   0x00000000000011f8       0x58 C:/ST/STM32CubeIDE_1.13.2/STM32CubeIDE/plugins/com.st.stm32cube.ide.mcu.externaltools.gnu-tools-for-stm32.11.3.rel1.win32_1.1.1.202309131626/tools/bin/../lib/gcc/arm-none-eabi/11.3.1/../../../../arm-none-eabi/lib/thumb/v7e-m+fp/hard\libc.a(libc_a-__call_atexit.o)
 .debug_frame   0x0000000000001250       0x20 C:/ST/STM32CubeIDE_1.13.2/STM32CubeIDE/plugins/com.st.stm32cube.ide.mcu.externaltools.gnu-tools-for-stm32.11.3.rel1.win32_1.1.1.202309131626/tools/bin/../lib/gcc/arm-none-eabi/11.3.1/../../../../arm-none-eabi/lib/thumb/v7e-m+fp/hard\libc.a(libc_a-atexit.o)
 .debug_frame   0x0000000000001270       0x38 C:/ST/STM32CubeIDE_1.13.2/STM32CubeIDE/plugins/com.st.stm32cube.ide.mcu.externaltools.gnu-tools-for-stm32.11.3.rel1.win32_1.1.1.202309131626/tools/bin/../lib/gcc/arm-none-eabi/11.3.1/../../../../arm-none-eabi/lib/thumb/v7e-m+fp/hard\libc.a(libc_a-fini.o)
 .debug_frame   0x00000000000012a8       0x34 C:/ST/STM32CubeIDE_1.13.2/STM32CubeIDE/plugins/com.st.stm32cube.ide.mcu.externaltools.gnu-tools-for-stm32.11.3.rel1.win32_1.1.1.202309131626/tools/bin/../lib/gcc/arm-none-eabi/11.3.1/../../../../arm-none-eabi/lib/thumb/v7e-m+fp/hard\libc.a(libc_a-__atexit.o)
 .debug_frame   0x00000000000012dc       0xac C:/ST/STM32CubeIDE_1.13.2/STM32CubeIDE/plugins/com.st.stm32cube.ide.mcu.externaltools.gnu-tools-for-stm32.11.3.rel1.win32_1.1.1.202309131626/tools/bin/../lib/gcc/arm-none-eabi/11.3.1/thumb/v7e-m+fp/hard\libgcc.a(_arm_addsubdf3.o)
 .debug_frame   0x0000000000001388       0x50 C:/ST/STM32CubeIDE_1.13.2/STM32CubeIDE/plugins/com.st.stm32cube.ide.mcu.externaltools.gnu-tools-for-stm32.11.3.rel1.win32_1.1.1.202309131626/tools/bin/../lib/gcc/arm-none-eabi/11.3.1/thumb/v7e-m+fp/hard\libgcc.a(_arm_muldivdf3.o)
 .debug_frame   0x00000000000013d8       0x24 C:/ST/STM32CubeIDE_1.13.2/STM32CubeIDE/plugins/com.st.stm32cube.ide.mcu.externaltools.gnu-tools-for-stm32.11.3.rel1.win32_1.1.1.202309131626/tools/bin/../lib/gcc/arm-none-eabi/11.3.1/thumb/v7e-m+fp/hard\libgcc.a(_arm_truncdfsf2.o)

.debug_ranges   0x0000000000000000       0x20
 .debug_ranges  0x0000000000000000       0x20 startup/startup_stm32f411xe.o
